[0m
> build · kimi-k2.6
[0m
[0m→ [0mRead AUTOSHIP_RESULT.md
[0m
[0m$ [0mrtk git diff $(git merge-base HEAD $(git rev-parse --abbrev-ref HEAD))..HEAD --stat
[0m
[0m$ [0mrtk git diff $(git merge-base HEAD $(git rev-parse --abbrev-ref HEAD))..HEAD
[0m
[0m$ [0mrtk git diff HEAD~1 --stat
dist/cli.js               | 46 ++++++++++++++++++++++++++++++++++++++++++++++
 dist/cli.js.map           |  2 +-
 dist/constants.d.ts       |  1 +
 dist/constants.d.ts.map   |  2 +-
 dist/constants.js         |  1 +
 dist/constants.js.map     |  2 +-
 dist/run-manager.d.ts.map |  2 +-
 dist/run-manager.js       | 16 +++++++++++++++-
 dist/run-manager.js.map   |  2 +-
 src/cli.ts                | 44 ++++++++++++++++++++++++++++++++++++++++++++
 src/constants.ts          |  1 +
 src/run-manager.ts        | 17 ++++++++++++++++-
 tsconfig.json             |  1 +
 wiki/Commands.md          | 38 ++++++++++++++++++++++++++++++++++++++
 14 files changed, 168 insertions(+), 7 deletions(-)
[0m
[0m$ [0mrtk git log --oneline -5
65c1956 autoship: issue-43 auto-commit
7b5011e chore: remove stale runtime artifacts (#136)
17529e5 fix: harden task context validation (#135)
d918ab2 fix: update verify-package for new files
b1b8832 chore: add editorconfig, gitattributes, CODE_OF_CONDUCT, vscode extensions
[0m
[0m✱ [0mGlob "**/.autoship/issue-*"[90m 0 matches[0m
[0m
[0m$ [0mrtk ls .autoship/
failures/
circuit-breaker.json  52B
config.json  2.1K
metrics.json  602B
model-routing.json  2.7K
routing.json  237B
state.json  26.1K
[0m
[93m[1m! [0mpermission requested: external_directory (/Users/maleick/Projects/AutoResearch/.autoship/*); auto-rejecting
[0m✗ [0mread failed
[91m[1mError: [0mThe user rejected permission to use this specific tool call.
Failure artifact captured: .autoship/failures/20260508T152433Z-issue-43.json
VERDICT: FAIL — missing or malformed reviewer verdict
FAIL: reviewer failed
