[0m
> build · minimax-m2.5-free
[0m
[0m✱ [0mGlob "**/*.ts"[90m in . · 30 matches[0m
[0m→ [0mRead src/types.ts[90m [additionalContext=<context_guidance>
  <tip>
    Reading to Edit? Read is correct — Edit needs content in context.
    Reading to analyze/explore? Use context-mode_ctx_execute_file(path, language, code) — only printed summary enters context.
  </tip>
</context_guidance>][0m
[0m→ [0mRead src/constants.ts
[0m→ [0mRead src/run-manager.ts
[0m→ [0mRead src/cli.ts
[0m✱ [0mGlob "tests/*.ts"[90m in . · 13 matches[0m
[0m→ [0mRead tests/test_run_manager.ts
Now I understand the codebase. Let me implement the `--max-no-progress` option.
[0m
[0m# [0mTodos
[ ] Add max_no_progress field to RunConfig and RunState types
[ ] Add no-progress stop condition logic in buildSupervisorSnapshot
[ ] Add --max-no-progress CLI option
[ ] Add tests for no-progress stop condition
[ ] Run project checks (typecheck, test)
[0m
[0m← [0mEdit src/types.ts
Index: /Users/maleick/Projects/AutoResearch/.autoship/workspaces/issue-38/src/types.ts
===================================================================
--- /Users/maleick/Projects/AutoResearch/.autoship/workspaces/issue-38/src/types.ts
+++ /Users/maleick/Projects/AutoResearch/.autoship/workspaces/issue-38/src/types.ts
@@ -16,8 +16,9 @@
 mode: string;
 scope?: string;
 guard?: string;
 iterations?: number;
+max_no_progress?: number;
 duration?: string;
 memory_path?: string;
 required_keep_labels?: string[];
 required_stop_labels?: string[];

[0m
[0m← [0mEdit src/types.ts
Index: /Users/maleick/Projects/AutoResearch/.autoship/workspaces/issue-38/src/types.ts
===================================================================
--- /Users/maleick/Projects/AutoResearch/.autoship/workspaces/issue-38/src/types.ts
+++ /Users/maleick/Projects/AutoResearch/.autoship/workspaces/issue-38/src/types.ts
@@ -79,8 +79,9 @@
 scope: string;
 metric: Metric;
 verify: string;
 guard?: string;
+max_no_progress?: number;
 iterations_cap?: number;
 duration?: string;
 duration_seconds?: number;
 deadline_at?: string;

[0m
[0m→ [0mRead src/types.ts[90m [offset=88][0m
[0m→ [0mRead src/types.ts[90m [limit=50][0m
[0m
[0m# [0mTodos
[x] Add max_no_progress field to RunConfig and RunState types
[ ] Add no-progress stop condition logic in buildSupervisorSnapshot
[ ] Add --max-no-progress CLI option
[ ] Add tests for no-progress stop condition
[ ] Run project checks (typecheck, test)
[0m
[0m← [0mEdit src/run-manager.ts
Index: /Users/maleick/Projects/AutoResearch/.autoship/workspaces/issue-38/src/run-manager.ts
===================================================================
--- /Users/maleick/Projects/AutoResearch/.autoship/workspaces/issue-38/src/run-manager.ts
+++ /Users/maleick/Projects/AutoResearch/.autoship/workspaces/issue-38/src/run-manager.ts
@@ -165,8 +165,9 @@
   latest: config.baseline,
 },
 verify: config.verify,
 guard: config.guard,
+max_no_progress: config.max_no_progress,
 iterations_cap: config.iterations,
 duration: config.duration,
 duration_seconds: durationSeconds ?? undefined,
 deadline_at: deadlineAt,

[0m
[0m← [0mEdit src/run-manager.ts
Index: /Users/maleick/Projects/AutoResearch/.autoship/workspaces/issue-38/src/run-manager.ts
===================================================================
--- /Users/maleick/Projects/AutoResearch/.autoship/workspaces/issue-38/src/run-manager.ts
+++ /Users/maleick/Projects/AutoResearch/.autoship/workspaces/issue-38/src/run-manager.ts
@@ -283,8 +283,11 @@
   reason = "duration_elapsed";
 } else if (state.iterations_cap != null && state.stats.total_iterations >= state.iterations_cap) {
   decision = "stop";
   reason = "iteration_cap_reached";
+} else if (state.max_no_progress != null && state.stats.consecutive_discards >= state.max_no_progress) {
+  decision = "stop";
+  reason = "no_progress";
 } else if (state.status === "completed" || state.status === "stopped") {
   decision = "stop";
   reason = `state_${state.status}`;
 }

[0m
[0m# [0mTodos
[x] Add max_no_progress field to RunConfig and RunState types
[x] Add no-progress stop condition logic in buildSupervisorSnapshot
[ ] Add --max-no-progress CLI option
[ ] Add tests for no-progress stop condition
[ ] Run project checks (typecheck, test)
[0m
[0m← [0mEdit src/cli.ts
Index: /Users/maleick/Projects/AutoResearch/.autoship/workspaces/issue-38/src/cli.ts
===================================================================
--- /Users/maleick/Projects/AutoResearch/.autoship/workspaces/issue-38/src/cli.ts
+++ /Users/maleick/Projects/AutoResearch/.autoship/workspaces/issue-38/src/cli.ts
@@ -36,8 +36,9 @@
 console.error("  --guard         Guard command for regression catch");
 console.error("  --mode          foreground or background");
 console.error("  --scope         In-scope files or subsystem");
 console.error("  --iterations    Iteration cap");
+console.error("  --max-no-progress  Max consecutive discards before stop");
 console.error("  --duration      Wall-clock cap (e.g., 5h or 300m)");
 console.error("  --json          Output raw JSON (default: human-readable)");
 console.error("  --results-path  Custom results TSV path");
 console.error("  --state-path    Custom state JSON path");

[0m
[0m← [0mEdit src/cli.ts
Index: /Users/maleick/Projects/AutoResearch/.autoship/workspaces/issue-38/src/cli.ts
===================================================================
--- /Users/maleick/Projects/AutoResearch/.autoship/workspaces/issue-38/src/cli.ts
+++ /Users/maleick/Projects/AutoResearch/.autoship/workspaces/issue-38/src/cli.ts
@@ -71,9 +71,9 @@
 } else if (args[i].startsWith("-") && args[i].length === 2 && args[i] !== "--") {
   const shortToLong: Record<string, string> = {
     r: "repo", g: "goal", m: "metric", d: "direction",
     v: "verify", n: "guard", o: "mode", s: "scope",
-    i: "iterations", t: "duration",
+    i: "iterations", t: "duration", p: "max-no-progress",
   };
   const key = shortToLong[args[i][1]] ?? args[i].slice(1);
   if (i + 1 < args.length && !args[i + 1].startsWith("-")) {
     result[key] = args[++i];

[0m
[0m← [0mEdit src/cli.ts
Index: /Users/maleick/Projects/AutoResearch/.autoship/workspaces/issue-38/src/cli.ts
===================================================================
--- /Users/maleick/Projects/AutoResearch/.autoship/workspaces/issue-38/src/cli.ts
+++ /Users/maleick/Projects/AutoResearch/.autoship/workspaces/issue-38/src/cli.ts
@@ -147,8 +147,9 @@
 verify: grouped.verify as string | undefined,
 guard: grouped.guard as string | undefined,
 mode: grouped.mode as string | undefined,
 iterations: parsePositiveInt(grouped.iterations as string | undefined, "iterations"),
+max_no_progress: parsePositiveInt(grouped["max-no-progress"] as string | undefined, "max-no-progress"),
 duration: grouped.duration as string | undefined,
 memory_path: grouped["memory-path"] as string | undefined,
 required_keep_labels: grouped["required-keep-labels"] as string[] | undefined,
 required_stop_labels: grouped["required-stop-labels"] as string[] | undefined,

[0m
[0m✱ [0mGrep "iterations: parsePositiveInt\(grouped.iterations"[90m in . · 3 matches[0m
[0m→ [0mRead src/cli.ts[90m [limit=20, offset=178][0m
[0m✗ [0medit failed
[91m[1mError: [0mFound multiple matches for oldString. Provide more surrounding context to make the match unique.
[0m→ [0mRead src/cli.ts[90m [limit=20, offset=616][0m
[0m→ [0mRead src/cli.ts[90m [limit=25, offset=175][0m
[0m
[0m← [0mEdit src/cli.ts
Index: /Users/maleick/Projects/AutoResearch/.autoship/workspaces/issue-38/src/cli.ts
===================================================================
--- /Users/maleick/Projects/AutoResearch/.autoship/workspaces/issue-38/src/cli.ts
+++ /Users/maleick/Projects/AutoResearch/.autoship/workspaces/issue-38/src/cli.ts
@@ -180,8 +180,9 @@
 mode: grouped.mode as string || "foreground",
 scope: grouped.scope as string | undefined,
 guard: grouped.guard as string | undefined,
 iterations: parsePositiveInt(grouped.iterations as string | undefined, "iterations"),
+max_no_progress: parsePositiveInt(grouped["max-no-progress"] as string | undefined, "max-no-progress"),
 duration: grouped.duration as string | undefined,
 memory_path: grouped["memory-path"] as string | undefined,
 required_keep_labels: grouped["required-keep-labels"] as string[] | undefined,
 required_stop_labels: grouped["required-stop-labels"] as string[] | undefined,

[0m
[0m← [0mEdit src/cli.ts
Index: /Users/maleick/Projects/AutoResearch/.autoship/workspaces/issue-38/src/cli.ts
===================================================================
--- /Users/maleick/Projects/AutoResearch/.autoship/workspaces/issue-38/src/cli.ts
+++ /Users/maleick/Projects/AutoResearch/.autoship/workspaces/issue-38/src/cli.ts
@@ -619,8 +619,9 @@
 mode: "background",
 scope: grouped.scope as string | undefined,
 guard: grouped.guard as string | undefined,
 iterations: parsePositiveInt(grouped.iterations as string | undefined, "iterations"),
+max_no_progress: parsePositiveInt(grouped["max-no-progress"] as string | undefined, "max-no-progress"),
 duration: grouped.duration as string | undefined,
 memory_path: grouped["memory-path"] as string | undefined,
 required_keep_labels: grouped["required-keep-labels"] as string[] | undefined,
 required_stop_labels: grouped["required-stop-labels"] as string[] | undefined,

[0m
[0m✱ [0mGrep "--iterations.*Iteration cap"[90m in . · 1 match[0m
[0m
[0m# [0mTodos
[x] Add max_no_progress field to RunConfig and RunState types
[x] Add no-progress stop condition logic in buildSupervisorSnapshot
[x] Add --max-no-progress CLI option
[ ] Add tests for no-progress stop condition
[ ] Run project checks (typecheck, test)
[0m
[0m✗ [0medit failed
[91m[1mError: [0mCould not find oldString in the file. It must match exactly, including whitespace, indentation, and line endings.
[0m→ [0mRead tests/test_run_manager.ts[90m [limit=20, offset=210][0m
[0m→ [0mRead tests/test_run_manager.ts[90m [limit=30, offset=245][0m
[0m
[0m← [0mEdit tests/test_run_manager.ts
Index: /Users/maleick/Projects/AutoResearch/.autoship/workspaces/issue-38/tests/test_run_manager.ts
===================================================================
--- /Users/maleick/Projects/AutoResearch/.autoship/workspaces/issue-38/tests/test_run_manager.ts
+++ /Users/maleick/Projects/AutoResearch/.autoship/workspaces/issue-38/tests/test_run_manager.ts
@@ -269,6 +269,27 @@
       const snapshot = await buildSupervisorSnapshot(tmpDir, undefined, undefined);
       expect(snapshot.decision).toBe("stop");
       expect(snapshot.reason).toBe("stop_requested");
     });
+
+    it("stops when max-no-progress threshold reached", async () => {
+      const { initializeRun, appendIteration, buildSupervisorSnapshot } = await import(resolve(REPO_ROOT, "dist/run-manager.js"));
+      const config = {
+        goal: "Test goal",
+        metric: "defects",
+        direction: "lower",
+        verify: "echo 0",
+        mode: "foreground",
+        max_no_progress: 3,
+      };
+      await initializeRun(tmpDir, undefined, undefined, config, false);
+      await appendIteration(tmpDir, undefined, undefined, "discard", "10", "fail", "pass", "", "bad1", [], "");
+      await appendIteration(tmpDir, undefined, undefined, "discard", "10", "fail", "pass", "", "bad2", [], "");
+      const snapshot1 = await buildSupervisorSnapshot(tmpDir, undefined, undefined);
+      expect(snapshot1.decision).toBe("relaunch");
+      await appendIteration(tmpDir, undefined, undefined, "discard", "10", "fail", "pass", "", "bad3", [], "");
+      const snapshot2 = await buildSupervisorSnapshot(tmpDir, undefined, undefined);
+      expect(snapshot2.decision).toBe("stop");
+      expect(snapshot2.reason).toBe("no_progress");
+    });
   });
 });
\ No newline at end of file

[0m
[0m# [0mTodos
[x] Add max_no_progress field to RunConfig and RunState types
[x] Add no-progress stop condition logic in buildSupervisorSnapshot
[x] Add --max-no-progress CLI option
[x] Add tests for no-progress stop condition
[ ] Run project checks (typecheck, test)
[0m
[0m$ [0mrtk npm run build
> tsc
[0m
[0m$ [0mrtk npm run typecheck
> tsc --noEmit
[0m
[0m$ [0mrtk npm test
> node --no-warnings --experimental-vm-modules node_modules/jest/bin/jest.js --config jest.config.json
node:internal/modules/cjs/loader:1478
  throw err;
  ^
Error: Cannot find module '/Users/maleick/Projects/AutoResearch/.autoship/workspaces/issue-38/node_modules/jest/bin/jest.js'
    at Module._resolveFilename (node:internal/modules/cjs/loader:1475:15)
    at wrapResolveFilename (node:internal/modules/cjs/loader:1048:27)
    at defaultResolveImplForCJSLoading (node:internal/modules/cjs/loader:1072:10)
    at resolveForCJSWithHooks (node:internal/modules/cjs/loader:1093:12)
    at Module._load (node:internal/modules/cjs/loader:1261:25)
    at wrapModuleLoad (node:internal/modules/cjs/loader:255:19)
    at Module.executeUserEntryPoint [as runMain] (node:internal/modules/run_main:154:5)
    at node:internal/main/run_main_module:33:47 {
  code: 'MODULE_NOT_FOUND',
  requireStack: []
}
Node.js v25.9.0
[0m
[0m$ [0mrtk npm install
added 602 packages, and audited 746 packages in 2s
130 packages are looking for funding
  run `npm fund` for details
found 0 vulnerabilities
npm warn deprecated inflight@1.0.6: This module is not supported, and leaks memory. Do not use it. Check out lru-cache if you want a good and tested way to coalesce async requests by a key value, which is much more comprehensive and powerful.
npm warn deprecated glob@7.2.3: Old versions of glob are not supported, and contain widely publicized security vulnerabilities, which have been fixed in the current version. Please update. Support for old versions may be purchased (at exorbitant rates) by contacting i@izs.me
npm warn deprecated glob@10.5.0: Old versions of glob are not supported, and contain widely publicized security vulnerabilities, which have been fixed in the current version. Please update. Support for old versions may be purchased (at exorbitant rates) by contacting i@izs.me
[0m
[0m$ [0mrtk npm test
> node --no-warnings --experimental-vm-modules node_modules/jest/bin/jest.js --config jest.config.json
No run data found. Run 'autoresearch init' first.
Unknown shell: powershell. Supported: bash, zsh, fish
✗ Configuration errors:
  - Missing required: --goal
  - Missing required: --metric
Missing file: /Users/maleick/Projects/AutoResearch/.autoship/workspaces/issue-38/.autoresearch-test-status-none/.autoresearch/state.json
Unknown command: unknowncmd
Run 'autoresearch --help' for usage.
Test Suites: 13 passed, 13 total
Tests:       450 passed, 450 total
Snapshots:   0 total
Time:        6.744 s
Ran all test suites.
[0m
[0m← [0mWrite AUTOSHIP_RESULT.md
Wrote file successfully.
[0m
